// Vitest Snapshot v1, https://vitest.dev/guide/snapshot.html

exports[`Toaster component > renders toast messages 1`] = `
<div
  class="text-sm opacity-90"
>
  Description 2
</div>
`;

exports[`Toaster component > renders toast with action 1`] = `
<button>
  Action
</button>
`;

exports[`Toaster component > renders without crashing 1`] = `
<div
  aria-label="Notifications (F8)"
  role="region"
  style="pointer-events: none;"
  tabindex="-1"
>
  <ol
    class="fixed top-0 z-[100] flex max-h-screen w-full flex-col-reverse p-4 sm:bottom-0 sm:right-0 sm:top-auto sm:flex-col md:max-w-[420px]"
    tabindex="-1"
  />
</div>
`;
